
Memory Configuration

Name             Origin             Length             Attributes
*default*        0x00000000         0xffffffff
SRAM             0x00000000         0x00800000

Linker script and memory map

LOAD ./ld.s
LOAD start.o
LOAD arm7.o
LOAD soft_irq.o
LOAD irq.o
LOAD trace.o
LOAD memory.o
LOAD os_init.o
LOAD shell
LOAD syscall.o
LOAD stdlib.o
LOAD string.o
LOAD test.o
LOAD stdio.o
LOAD ctype.o

.start          0x00000000        0x0
                0x00000000                __start_start = .
 *(.start)
                0x00000000                __start_end = .
                0x00008000                PROVIDE (__executable_start, 0x8000)
                0x00008074                . = (0x8000 + SIZEOF_HEADERS)

.interp
 *(.interp)

.hash
 *(.hash)

.dynsym
 *(.dynsym)

.dynstr
 *(.dynstr)

.gnu.version
 *(.gnu.version)

.gnu.version_d
 *(.gnu.version_d)

.gnu.version_r
 *(.gnu.version_r)

.rel.dyn
 *(.rel.init)
 *(.rel.text .rel.text.* .rel.gnu.linkonce.t.*)
 *(.rel.fini)
 *(.rel.rodata .rel.rodata.* .rel.gnu.linkonce.r.*)
 *(.rel.data.rel.ro* .rel.gnu.linkonce.d.rel.ro.*)
 *(.rel.data .rel.data.* .rel.gnu.linkonce.d.*)
 *(.rel.tdata .rel.tdata.* .rel.gnu.linkonce.td.*)
 *(.rel.tbss .rel.tbss.* .rel.gnu.linkonce.tb.*)
 *(.rel.ctors)
 *(.rel.dtors)
 *(.rel.got)
 *(.rel.bss .rel.bss.* .rel.gnu.linkonce.b.*)

.rela.dyn
 *(.rela.init)
 *(.rela.text .rela.text.* .rela.gnu.linkonce.t.*)
 *(.rela.fini)
 *(.rela.rodata .rela.rodata.* .rela.gnu.linkonce.r.*)
 *(.rela.data .rela.data.* .rela.gnu.linkonce.d.*)
 *(.rela.tdata .rela.tdata.* .rela.gnu.linkonce.td.*)
 *(.rela.tbss .rela.tbss.* .rela.gnu.linkonce.tb.*)
 *(.rela.ctors)
 *(.rela.dtors)
 *(.rela.got)
 *(.rela.bss .rela.bss.* .rela.gnu.linkonce.b.*)

.rel.plt
 *(.rel.plt)

.rela.plt
 *(.rela.plt)

.init
 *(.init)

.plt
 *(.plt)

.text           0x00000000     0x1b30
 *(.text .stub .text.* .gnu.linkonce.t.*)
 .text          0x00000000      0x10c start.o
                0x00000000                _start
 .text          0x0000010c       0x18 arm7.o
                0x0000010c                _syscall
 .text          0x00000124       0x70 soft_irq.o
                0x00000124                swi_dispatch
 .text          0x00000194       0x84 irq.o
                0x00000198                firq_dispatch
                0x000001d8                irq_dispach
 .text          0x00000218       0x80 trace.o
                0x00000218                os_trace
 .text          0x00000298       0x1c memory.o
                0x000002a0                kernel_mem_alloc
                0x000002ac                kernel_mem_realloc
                0x00000298                kernel_mem_init
                0x000002a8                kernel_mem_free
 .text          0x000002b4       0x28 os_init.o
                0x000002b4                os_init
 .text          0x000002dc       0x34 shell
                0x000002dc                shell_main
 .text          0x00000310       0x30 syscall.o
                0x00000310                syscall
 .text          0x00000340      0x364 stdlib.o
                0x00000678                jitoa
                0x00000484                jstrtol
                0x000003b8                jstrtoul
                0x00000508                jitoa_ex
                0x000004ec                jatoi
                0x000006a0                raise
 .text          0x000006a4      0x300 string.o
                0x000006a4                jmemset
                0x000007a8                jstrcpy
                0x0000070c                jmemcmp
                0x000006cc                jmemcpy
                0x00000854                jstrcmp
                0x00000970                jstrlen
                0x000007f4                jstrncpy
                0x000008d0                jstrncmp
 .text          0x000009a4      0xcd8 test.o
                0x000012d4                jatoi_test
                0x00000b60                mem_test
                0x00000f74                test_all
                0x00000fa4                jitoa_test
                0x00000d54                str_test
                0x000009a4                print_test
                0x00000f8c                main
 .text          0x0000167c      0x378 stdio.o
                0x000019a8                jsnprintf
                0x0000167c                jtrace
                0x00001934                jprintf
                0x00001704                jvprintf
 .text          0x000019f4      0x13c ctype.o
                0x00001a20                isdigit
                0x00001acc                isalnum
                0x00001a3c                islower
                0x00001a34                isgraph
                0x00001a80                isupper
                0x00001a64                ispunct
                0x00001a18                iscntrl
                0x00001a50                isprint
                0x00001a94                isalpha
                0x000019f4                isascii
                0x00001a08                isblank
                0x00001a6c                isspace
                0x00001b04                isxdigit
 *(.text.*personality*)
 *(.gnu.warning)
 *(.glue_7t)
 .glue_7t       0x00001b30        0x0 start.o
 .glue_7t       0x00001b30        0x0 arm7.o
 .glue_7t       0x00001b30        0x0 soft_irq.o
 .glue_7t       0x00001b30        0x0 irq.o
 .glue_7t       0x00001b30        0x0 trace.o
 .glue_7t       0x00001b30        0x0 memory.o
 .glue_7t       0x00001b30        0x0 os_init.o
 .glue_7t       0x00001b30        0x0 shell
 .glue_7t       0x00001b30        0x0 syscall.o
 .glue_7t       0x00001b30        0x0 stdlib.o
 .glue_7t       0x00001b30        0x0 string.o
 .glue_7t       0x00001b30        0x0 test.o
 .glue_7t       0x00001b30        0x0 stdio.o
 .glue_7t       0x00001b30        0x0 ctype.o
 *(.glue_7)
 .glue_7        0x00001b30        0x0 start.o
 .glue_7        0x00001b30        0x0 arm7.o
 .glue_7        0x00001b30        0x0 soft_irq.o
 .glue_7        0x00001b30        0x0 irq.o
 .glue_7        0x00001b30        0x0 trace.o
 .glue_7        0x00001b30        0x0 memory.o
 .glue_7        0x00001b30        0x0 os_init.o
 .glue_7        0x00001b30        0x0 shell
 .glue_7        0x00001b30        0x0 syscall.o
 .glue_7        0x00001b30        0x0 stdlib.o
 .glue_7        0x00001b30        0x0 string.o
 .glue_7        0x00001b30        0x0 test.o
 .glue_7        0x00001b30        0x0 stdio.o
 .glue_7        0x00001b30        0x0 ctype.o
                0x00001b30                __text_start = .
 *(.text)
 *(strings)
                0x00001b30                __text_end = .

.fini
 *(.fini)
                0x00001b30                PROVIDE (__etext, .)
                0x00001b30                PROVIDE (_etext, .)
                0x00001b30                PROVIDE (etext, .)

.rodata         0x00001b30      0xb40
 *(.rodata .rodata.* .gnu.linkonce.r.*)
 .rodata.str1.8
                0x00001b30       0x1e soft_irq.o
                                 0x20 (size before relaxing)
 *fill*         0x00001b4e        0x2 00
 .rodata        0x00001b50       0x10 soft_irq.o
 .rodata.str1.8
                0x00001b60       0x1a irq.o
                                 0x20 (size before relaxing)
 *fill*         0x00001b7a        0x6 00
 .rodata        0x00001b80       0x20 irq.o
 .rodata.str1.8
                0x00001ba0        0xb os_init.o
                                 0x10 (size before relaxing)
 *fill*         0x00001bab        0x5 00
 .rodata        0x00001bb0        0x8 os_init.o
 .rodata.str1.8
                0x00001bb8      0xa46 test.o
                                0xa58 (size before relaxing)
 *fill*         0x000025fe        0x2 00
 .rodata        0x00002600       0x50 test.o
 .rodata.str1.8
                0x00002650        0x8 stdio.o
 .rodata        0x00002658       0x18 stdio.o
                0x00002670                __rodata_start = .
 *(.rodata)
                0x00002670                __rodata_end = .

.rodata1
 *(.rodata1)

.ARM.extab
 *(.ARM.extab* .gnu.linkonce.armextab.*)
                0x00002670                __exidx_start = .

.ARM.exidx
 *(.ARM.exidx* .gnu.linkonce.armexidx.*)
                0x00002670                __exidx_end = .

.eh_frame_hdr
 *(.eh_frame_hdr)

.eh_frame
 *(.eh_frame)

.gcc_except_table
 *(.gcc_except_table .gcc_except_table.*)
                0x00002670                . = (ALIGN (0x8000) - ((0x8000 - .) & 0x7fff))
                0x0000a670                . = (0x8000 DATA_SEGMENT_ALIGN 0x1000)

.eh_frame
 *(.eh_frame)

.gcc_except_table
 *(.gcc_except_table .gcc_except_table.*)

.tdata
 *(.tdata .tdata.* .gnu.linkonce.td.*)

.tbss
 *(.tbss .tbss.* .gnu.linkonce.tb.*)
 *(.tcommon)

.preinit_array  0x0000a670        0x0
                0x0000a670                PROVIDE (__preinit_array_start, .)
 *(.preinit_array)
                0x0000a670                PROVIDE (__preinit_array_end, .)

.init_array     0x0000a670        0x0
                0x0000a670                PROVIDE (__init_array_start, .)
 *(SORT(.init_array.*))
 *(.init_array)
                0x0000a670                PROVIDE (__init_array_end, .)

.fini_array     0x0000a670        0x0
                0x0000a670                PROVIDE (__fini_array_start, .)
 *(.fini_array)
 *(SORT(.fini_array.*))
                0x0000a670                PROVIDE (__fini_array_end, .)

.ctors
 *crtbegin*.o(.ctors)
 *(EXCLUDE_FILE(*crtend*.o) .ctors)
 *(SORT(.ctors.*))
 *(.ctors)

.dtors
 *crtbegin*.o(.dtors)
 *(EXCLUDE_FILE(*crtend*.o) .dtors)
 *(SORT(.dtors.*))
 *(.dtors)

.jcr
 *(.jcr)

.data.rel.ro
 *(.data.rel.ro.local* .gnu.linkonce.d.rel.ro.local.*)
 *(.data.rel.ro* .gnu.linkonce.d.rel.ro.*)

.dynamic
 *(.dynamic)
                0x0000a670                . = (. DATA_SEGMENT_RELRO_END 0x0)

.got
 *(.got.plt)
 *(.got)

.data           0x00002670        0x0
                0x00002670                __data_start = .
 *(.data .data.* .gnu.linkonce.d.*)
 .data          0x00002670        0x0 start.o
 .data          0x00002670        0x0 arm7.o
 .data          0x00002670        0x0 soft_irq.o
 .data          0x00002670        0x0 irq.o
 .data          0x00002670        0x0 trace.o
 .data          0x00002670        0x0 memory.o
 .data          0x00002670        0x0 os_init.o
 .data          0x00002670        0x0 shell
 .data          0x00002670        0x0 syscall.o
 .data          0x00002670        0x0 stdlib.o
 .data          0x00002670        0x0 string.o
 .data          0x00002670        0x0 test.o
 .data          0x00002670        0x0 stdio.o
 .data          0x00002670        0x0 ctype.o
 *(.gnu.linkonce.d.*personality*)
                0x00002670                __data_start = .
 *(.data)
                0x00002670                __data_end = .

.data1
 *(.data1)
                0x00002670                _edata = .
                0x00002670                PROVIDE (edata, .)
                0x00002670                __bss_start = .
                0x00002670                __bss_start__ = .

.bss            0x00002670        0x0
 *(.dynbss)
 *(.bss .bss.* .gnu.linkonce.b.*)
 .bss           0x00002670        0x0 start.o
 .bss           0x00002670        0x0 arm7.o
 .bss           0x00002670        0x0 soft_irq.o
 .bss           0x00002670        0x0 irq.o
 .bss           0x00002670        0x0 trace.o
 .bss           0x00002670        0x0 memory.o
 .bss           0x00002670        0x0 os_init.o
 .bss           0x00002670        0x0 shell
 .bss           0x00002670        0x0 syscall.o
 .bss           0x00002670        0x0 stdlib.o
 .bss           0x00002670        0x0 string.o
 .bss           0x00002670        0x0 test.o
 .bss           0x00002670        0x0 stdio.o
 .bss           0x00002670        0x0 ctype.o
 *(COMMON)
                0x00002670                . = ALIGN ((. != 0x0)?0x4:0x1)
                0x00002670                __bss_start = .
 *(.text)
 *(strings)
                0x00002670                __bss_end = .
                0x00002670                _bss_end__ = .
                0x00002670                __bss_end__ = .
                0x00002670                . = ALIGN (0x4)
                0x00002670                . = ALIGN (0x4)
                0x00002670                __end__ = .
                0x00002670                _end = .
                0x00002670                PROVIDE (end, .)
                0x00002670                . = DATA_SEGMENT_END (.)

.stab
 *(.stab)

.stabstr
 *(.stabstr)

.stab.excl
 *(.stab.excl)

.stab.exclstr
 *(.stab.exclstr)

.stab.index
 *(.stab.index)

.stab.indexstr
 *(.stab.indexstr)

.comment        0x00000000       0xd8
 *(.comment)
 .comment       0x00000000       0x12 soft_irq.o
 .comment       0x00000012       0x12 irq.o
 .comment       0x00000024       0x12 trace.o
 .comment       0x00000036       0x12 memory.o
 .comment       0x00000048       0x12 os_init.o
 .comment       0x0000005a       0x12 shell
 .comment       0x0000006c       0x12 syscall.o
 .comment       0x0000007e       0x12 stdlib.o
 .comment       0x00000090       0x12 string.o
 .comment       0x000000a2       0x12 test.o
 .comment       0x000000b4       0x12 stdio.o
 .comment       0x000000c6       0x12 ctype.o

.debug
 *(.debug)

.line
 *(.line)

.debug_srcinfo
 *(.debug_srcinfo)

.debug_sfnames
 *(.debug_sfnames)

.debug_aranges  0x00000000      0x180
 *(.debug_aranges)
 .debug_aranges
                0x00000000       0x20 soft_irq.o
 .debug_aranges
                0x00000020       0x20 irq.o
 .debug_aranges
                0x00000040       0x20 trace.o
 .debug_aranges
                0x00000060       0x20 memory.o
 .debug_aranges
                0x00000080       0x20 os_init.o
 .debug_aranges
                0x000000a0       0x20 shell
 .debug_aranges
                0x000000c0       0x20 syscall.o
 .debug_aranges
                0x000000e0       0x20 stdlib.o
 .debug_aranges
                0x00000100       0x20 string.o
 .debug_aranges
                0x00000120       0x20 test.o
 .debug_aranges
                0x00000140       0x20 stdio.o
 .debug_aranges
                0x00000160       0x20 ctype.o

.debug_pubnames
                0x00000000      0x365
 *(.debug_pubnames)
 .debug_pubnames
                0x00000000       0x23 soft_irq.o
 .debug_pubnames
                0x00000023       0x34 irq.o
 .debug_pubnames
                0x00000057       0x1f trace.o
 .debug_pubnames
                0x00000076       0x66 memory.o
 .debug_pubnames
                0x000000dc       0x1e os_init.o
 .debug_pubnames
                0x000000fa       0x21 shell
 .debug_pubnames
                0x0000011b       0x1e syscall.o
 .debug_pubnames
                0x00000139       0x56 stdlib.o
 .debug_pubnames
                0x0000018f       0x74 string.o
 .debug_pubnames
                0x00000203       0x6f test.o
 .debug_pubnames
                0x00000272       0x44 stdio.o
 .debug_pubnames
                0x000002b6       0xaf ctype.o

.debug_info     0x00000000     0x14d6
 *(.debug_info .gnu.linkonce.wi.*)
 .debug_info    0x00000000      0x10a soft_irq.o
 .debug_info    0x0000010a       0xc4 irq.o
 .debug_info    0x000001ce       0xae trace.o
 .debug_info    0x0000027c      0x190 memory.o
 .debug_info    0x0000040c       0x73 os_init.o
 .debug_info    0x0000047f       0x83 shell
 .debug_info    0x00000502       0xe1 syscall.o
 .debug_info    0x000005e3      0x40f stdlib.o
 .debug_info    0x000009f2      0x2cd string.o
 .debug_info    0x00000cbf      0x233 test.o
 .debug_info    0x00000ef2      0x3a2 stdio.o
 .debug_info    0x00001294      0x242 ctype.o

.debug_abbrev   0x00000000      0x997
 *(.debug_abbrev)
 .debug_abbrev  0x00000000       0xbb soft_irq.o
 .debug_abbrev  0x000000bb       0x6f irq.o
 .debug_abbrev  0x0000012a       0x9a trace.o
 .debug_abbrev  0x000001c4       0xf6 memory.o
 .debug_abbrev  0x000002ba       0x5c os_init.o
 .debug_abbrev  0x00000316       0x6f shell
 .debug_abbrev  0x00000385       0x9c syscall.o
 .debug_abbrev  0x00000421      0x1ae stdlib.o
 .debug_abbrev  0x000005cf       0xfd string.o
 .debug_abbrev  0x000006cc       0xd4 test.o
 .debug_abbrev  0x000007a0      0x180 stdio.o
 .debug_abbrev  0x00000920       0x77 ctype.o

.debug_line     0x00000000      0x512
 *(.debug_line)
 .debug_line    0x00000000       0x5c soft_irq.o
 .debug_line    0x0000005c       0x46 irq.o
 .debug_line    0x000000a2       0x47 trace.o
 .debug_line    0x000000e9       0x57 memory.o
 .debug_line    0x00000140       0x42 os_init.o
 .debug_line    0x00000182       0x47 shell
 .debug_line    0x000001c9       0x59 syscall.o
 .debug_line    0x00000222       0xc2 stdlib.o
 .debug_line    0x000002e4       0x8e string.o
 .debug_line    0x00000372       0xc3 test.o
 .debug_line    0x00000435       0x82 stdio.o
 .debug_line    0x000004b7       0x5b ctype.o

.debug_frame    0x00000000      0x608
 *(.debug_frame)
 .debug_frame   0x00000000       0x34 soft_irq.o
 .debug_frame   0x00000034       0x68 irq.o
 .debug_frame   0x0000009c       0x20 trace.o
 .debug_frame   0x000000bc       0x50 memory.o
 .debug_frame   0x0000010c       0x30 os_init.o
 .debug_frame   0x0000013c       0x30 shell
 .debug_frame   0x0000016c       0x30 syscall.o
 .debug_frame   0x0000019c       0xe0 stdlib.o
 .debug_frame   0x0000027c       0xb4 string.o
 .debug_frame   0x00000330       0xfc test.o
 .debug_frame   0x0000042c       0xd4 stdio.o
 .debug_frame   0x00000500      0x108 ctype.o

.debug_str      0x00000000      0x43a
 *(.debug_str)
 .debug_str     0x00000000       0x7b soft_irq.o
                                 0x95 (size before relaxing)
 .debug_str     0x0000007b       0x38 irq.o
                                 0x76 (size before relaxing)
 .debug_str     0x000000b3       0x2a trace.o
                                 0x6d (size before relaxing)
 .debug_str     0x000000dd       0xba memory.o
                                0x119 (size before relaxing)
 .debug_str     0x00000197       0x19 os_init.o
                                 0x57 (size before relaxing)
 .debug_str     0x000001b0       0x1d shell
                                 0x52 (size before relaxing)
 .debug_str     0x000001cd       0x2b syscall.o
                                 0x7e (size before relaxing)
 .debug_str     0x000001f8       0x99 stdlib.o
                                 0xda (size before relaxing)
 .debug_str     0x00000291       0x5c string.o
                                 0x91 (size before relaxing)
 .debug_str     0x000002ed       0x57 test.o
                                 0xa1 (size before relaxing)
 .debug_str     0x00000344       0x80 stdio.o
                                 0xf9 (size before relaxing)
 .debug_str     0x000003c4       0x76 ctype.o
                                 0x99 (size before relaxing)

.debug_loc      0x00000000     0x1055
 *(.debug_loc)
 .debug_loc     0x00000000       0x5b soft_irq.o
 .debug_loc     0x0000005b       0x54 irq.o
 .debug_loc     0x000000af       0x65 trace.o
 .debug_loc     0x00000114       0x39 memory.o
 .debug_loc     0x0000014d       0x2a os_init.o
 .debug_loc     0x00000177       0x2a shell
 .debug_loc     0x000001a1       0x76 syscall.o
 .debug_loc     0x00000217      0x490 stdlib.o
 .debug_loc     0x000006a7      0x36e string.o
 .debug_loc     0x00000a15      0x14c test.o
 .debug_loc     0x00000b61      0x393 stdio.o
 .debug_loc     0x00000ef4      0x161 ctype.o

.debug_macinfo
 *(.debug_macinfo)

.debug_weaknames
 *(.debug_weaknames)

.debug_funcnames
 *(.debug_funcnames)

.debug_typenames
 *(.debug_typenames)

.debug_varnames
 *(.debug_varnames)

.note.gnu.arm.ident
 *(.note.gnu.arm.ident)

/DISCARD/
 *(.note.GNU-stack)
OUTPUT(jos.elf elf32-littlearm)

.ARM.attributes
                0x00000000       0x10
 .ARM.attributes
                0x00000000       0x14 start.o
 .ARM.attributes
                0x00000014       0x14 arm7.o
 .ARM.attributes
                0x00000028       0x1c soft_irq.o
 .ARM.attributes
                0x00000044       0x1c irq.o
 .ARM.attributes
                0x00000060       0x1c trace.o
 .ARM.attributes
                0x0000007c       0x1c memory.o
 .ARM.attributes
                0x00000098       0x1c os_init.o
 .ARM.attributes
                0x000000b4       0x1c shell
 .ARM.attributes
                0x000000d0       0x1c syscall.o
 .ARM.attributes
                0x000000ec       0x1c stdlib.o
 .ARM.attributes
                0x00000108       0x1c string.o
 .ARM.attributes
                0x00000124       0x1c test.o
 .ARM.attributes
                0x00000140       0x1c stdio.o
 .ARM.attributes
                0x0000015c       0x1c ctype.o

.debug_ranges   0x00000000       0x60
 .debug_ranges  0x00000000       0x60 stdlib.o
